// Jest Snapshot v1, https://goo.gl/fbAQLP

exports[`test components/List/Row render row 1`] = `
<ul
  className="sc-bdVaJa bDWFJH"
>
  <li
    className="sc-bwzfXH uTxCW"
  >
    <View
      accessibilityComponentType={undefined}
      accessibilityLabel={undefined}
      accessibilityTraits={undefined}
      accessible={true}
      collapsable={undefined}
      hasTVPreferredFocus={undefined}
      hitSlop={undefined}
      isTVSelectable={true}
      nativeID={undefined}
      onLayout={undefined}
      onResponderGrant={[Function]}
      onResponderMove={[Function]}
      onResponderRelease={[Function]}
      onResponderTerminate={[Function]}
      onResponderTerminationRequest={[Function]}
      onStartShouldSetResponder={[Function]}
      style={
        Object {
          "opacity": 1,
        }
      }
      testID={undefined}
      tvParallaxProperties={undefined}
    >
      <View
        style={
          Array [
            Object {
              "borderBottomColor": "#c8c7cc",
              "borderBottomWidth": 1,
              "flexDirection": "row",
              "paddingBottom": 10,
              "paddingLeft": 27,
              "paddingRight": 10,
              "paddingTop": 10,
            },
            undefined,
          ]
        }
      >
        <View
          style={
            Array [
              Object {
                "flexBasis": 0,
                "flexGrow": 1,
                "flexShrink": 1,
              },
              undefined,
            ]
          }
        >
          <Text
            accessible={true}
            allowFontScaling={true}
            ellipsizeMode="tail"
            numberOfLines={2}
            style={
              Array [
                Object {
                  "color": "#030303",
                  "fontSize": 17,
                  "letterSpacing": -0.41,
                },
                undefined,
              ]
            }
          >
            Gesetz zur effektiveren und praxistauglicheren Ausgestaltung des Strafverfahrens
          </Text>
          <Text
            accessible={true}
            allowFontScaling={true}
            ellipsizeMode="tail"
            numberOfLines={2}
            style={
              Array [
                Object {
                  "color": "#8f8e94",
                  "fontSize": 15,
                  "letterSpacing": -0.24,
                  "paddingTop": 5,
                },
                undefined,
              ]
            }
          >
            Ein subtitle der auch für die dummydaten noch angepasste werden sollte
          </Text>
        </View>
        <View
          style={
            Array [
              Object {
                "alignItems": "center",
                "justifyContent": "space-between",
                "width": 48,
              },
              undefined,
            ]
          }
        >
          <View
            style={
              Array [
                Object {
                  "alignItems": "center",
                  "width": 48,
                },
                undefined,
              ]
            }
          >
            <Text
              accessible={true}
              allowFontScaling={false}
              ellipsizeMode="tail"
              style={
                Array [
                  Object {
                    "color": "grey",
                    "fontSize": 12,
                  },
                  Array [
                    Object {
                      "fontSize": 45,
                      "marginBottom": -15,
                      "marginTop": -10,
                    },
                    undefined,
                  ],
                  Object {
                    "fontFamily": "Ionicons",
                    "fontStyle": "normal",
                    "fontWeight": "normal",
                  },
                ]
              }
            >
              
            </Text>
            <Text
              accessible={true}
              adjustsFontSizeToFit={true}
              allowFontScaling={true}
              ellipsizeMode="tail"
              style={
                Array [
                  Object {
                    "color": "#8f8e94",
                    "fontSize": 18,
                    "letterSpacing": -0.29,
                  },
                  undefined,
                ]
              }
            >
              632
            </Text>
          </View>
          <Text
            accessible={true}
            allowFontScaling={true}
            ellipsizeMode="tail"
            style={
              Array [
                Object {
                  "color": "green",
                },
                undefined,
              ]
            }
          >
            3:13
          </Text>
        </View>
      </View>
    </View>
  </li>
  <li
    className="sc-bwzfXH uTxCW"
  >
    <View
      accessibilityComponentType={undefined}
      accessibilityLabel={undefined}
      accessibilityTraits={undefined}
      accessible={true}
      collapsable={undefined}
      hasTVPreferredFocus={undefined}
      hitSlop={undefined}
      isTVSelectable={true}
      nativeID={undefined}
      onLayout={undefined}
      onResponderGrant={[Function]}
      onResponderMove={[Function]}
      onResponderRelease={[Function]}
      onResponderTerminate={[Function]}
      onResponderTerminationRequest={[Function]}
      onStartShouldSetResponder={[Function]}
      style={
        Object {
          "opacity": 1,
        }
      }
      testID={undefined}
      tvParallaxProperties={undefined}
    >
      <View
        style={
          Array [
            Object {
              "borderBottomColor": "#c8c7cc",
              "borderBottomWidth": 1,
              "flexDirection": "row",
              "paddingBottom": 10,
              "paddingLeft": 27,
              "paddingRight": 10,
              "paddingTop": 10,
            },
            undefined,
          ]
        }
      >
        <View
          style={
            Array [
              Object {
                "flexBasis": 0,
                "flexGrow": 1,
                "flexShrink": 1,
              },
              undefined,
            ]
          }
        >
          <Text
            accessible={true}
            allowFontScaling={true}
            ellipsizeMode="tail"
            numberOfLines={2}
            style={
              Array [
                Object {
                  "color": "#030303",
                  "fontSize": 17,
                  "letterSpacing": -0.41,
                },
                undefined,
              ]
            }
          >
            Strafrechtsänderungsgesetz ‒ Strafbarkeit nicht genehmigter Kraftfahrzeugrennen im Straßenverkehr
          </Text>
          <Text
            accessible={true}
            allowFontScaling={true}
            ellipsizeMode="tail"
            numberOfLines={2}
            style={
              Array [
                Object {
                  "color": "#8f8e94",
                  "fontSize": 15,
                  "letterSpacing": -0.24,
                  "paddingTop": 5,
                },
                undefined,
              ]
            }
          >
            Ein subtitle der auch für die dummydaten noch angepasste werden sollte
          </Text>
        </View>
        <View
          style={
            Array [
              Object {
                "alignItems": "center",
                "justifyContent": "space-between",
                "width": 48,
              },
              undefined,
            ]
          }
        >
          <View
            style={
              Array [
                Object {
                  "alignItems": "center",
                  "width": 48,
                },
                undefined,
              ]
            }
          >
            <Text
              accessible={true}
              allowFontScaling={false}
              ellipsizeMode="tail"
              style={
                Array [
                  Object {
                    "color": "grey",
                    "fontSize": 12,
                  },
                  Array [
                    Object {
                      "fontSize": 45,
                      "marginBottom": -15,
                      "marginTop": -10,
                    },
                    undefined,
                  ],
                  Object {
                    "fontFamily": "Ionicons",
                    "fontStyle": "normal",
                    "fontWeight": "normal",
                  },
                ]
              }
            >
              
            </Text>
            <Text
              accessible={true}
              adjustsFontSizeToFit={true}
              allowFontScaling={true}
              ellipsizeMode="tail"
              style={
                Array [
                  Object {
                    "color": "#8f8e94",
                    "fontSize": 18,
                    "letterSpacing": -0.29,
                  },
                  undefined,
                ]
              }
            >
              82793
            </Text>
          </View>
          <Text
            accessible={true}
            allowFontScaling={true}
            ellipsizeMode="tail"
            style={
              Array [
                Object {
                  "color": "green",
                },
                undefined,
              ]
            }
          >
            3:13
          </Text>
        </View>
      </View>
    </View>
  </li>
  <li
    className="sc-bwzfXH uTxCW"
  >
    <View
      accessibilityComponentType={undefined}
      accessibilityLabel={undefined}
      accessibilityTraits={undefined}
      accessible={true}
      collapsable={undefined}
      hasTVPreferredFocus={undefined}
      hitSlop={undefined}
      isTVSelectable={true}
      nativeID={undefined}
      onLayout={undefined}
      onResponderGrant={[Function]}
      onResponderMove={[Function]}
      onResponderRelease={[Function]}
      onResponderTerminate={[Function]}
      onResponderTerminationRequest={[Function]}
      onStartShouldSetResponder={[Function]}
      style={
        Object {
          "opacity": 1,
        }
      }
      testID={undefined}
      tvParallaxProperties={undefined}
    >
      <View
        style={
          Array [
            Object {
              "borderBottomColor": "#c8c7cc",
              "borderBottomWidth": 1,
              "flexDirection": "row",
              "paddingBottom": 10,
              "paddingLeft": 27,
              "paddingRight": 10,
              "paddingTop": 10,
            },
            undefined,
          ]
        }
      >
        <View
          style={
            Array [
              Object {
                "flexBasis": 0,
                "flexGrow": 1,
                "flexShrink": 1,
              },
              undefined,
            ]
          }
        >
          <Text
            accessible={true}
            allowFontScaling={true}
            ellipsizeMode="tail"
            numberOfLines={2}
            style={
              Array [
                Object {
                  "color": "#030303",
                  "fontSize": 17,
                  "letterSpacing": -0.41,
                },
                undefined,
              ]
            }
          >
            Gesetz zur Neuregelung des Schutzes von Geheimnissen bei der Mitwirkung Dritter an der Berufsausübung schweigepflichtiger Personen
          </Text>
          <Text
            accessible={true}
            allowFontScaling={true}
            ellipsizeMode="tail"
            numberOfLines={2}
            style={
              Array [
                Object {
                  "color": "#8f8e94",
                  "fontSize": 15,
                  "letterSpacing": -0.24,
                  "paddingTop": 5,
                },
                undefined,
              ]
            }
          >
            Ein subtitle der auch für die dummydaten noch angepasste werden sollte
          </Text>
        </View>
        <View
          style={
            Array [
              Object {
                "alignItems": "center",
                "justifyContent": "space-between",
                "width": 48,
              },
              undefined,
            ]
          }
        >
          <View
            style={
              Array [
                Object {
                  "alignItems": "center",
                  "width": 48,
                },
                undefined,
              ]
            }
          >
            <Text
              accessible={true}
              allowFontScaling={false}
              ellipsizeMode="tail"
              style={
                Array [
                  Object {
                    "color": "grey",
                    "fontSize": 12,
                  },
                  Array [
                    Object {
                      "fontSize": 45,
                      "marginBottom": -15,
                      "marginTop": -10,
                    },
                    undefined,
                  ],
                  Object {
                    "fontFamily": "Ionicons",
                    "fontStyle": "normal",
                    "fontWeight": "normal",
                  },
                ]
              }
            >
              
            </Text>
            <Text
              accessible={true}
              adjustsFontSizeToFit={true}
              allowFontScaling={true}
              ellipsizeMode="tail"
              style={
                Array [
                  Object {
                    "color": "#8f8e94",
                    "fontSize": 18,
                    "letterSpacing": -0.29,
                  },
                  undefined,
                ]
              }
            >
              9678
            </Text>
          </View>
          <Text
            accessible={true}
            allowFontScaling={true}
            ellipsizeMode="tail"
            style={
              Array [
                Object {
                  "color": "green",
                },
                undefined,
              ]
            }
          >
            3:13
          </Text>
        </View>
      </View>
    </View>
  </li>
  <li
    className="sc-bwzfXH uTxCW"
  >
    <View
      accessibilityComponentType={undefined}
      accessibilityLabel={undefined}
      accessibilityTraits={undefined}
      accessible={true}
      collapsable={undefined}
      hasTVPreferredFocus={undefined}
      hitSlop={undefined}
      isTVSelectable={true}
      nativeID={undefined}
      onLayout={undefined}
      onResponderGrant={[Function]}
      onResponderMove={[Function]}
      onResponderRelease={[Function]}
      onResponderTerminate={[Function]}
      onResponderTerminationRequest={[Function]}
      onStartShouldSetResponder={[Function]}
      style={
        Object {
          "opacity": 1,
        }
      }
      testID={undefined}
      tvParallaxProperties={undefined}
    >
      <View
        style={
          Array [
            Object {
              "borderBottomColor": "#c8c7cc",
              "borderBottomWidth": 1,
              "flexDirection": "row",
              "paddingBottom": 10,
              "paddingLeft": 27,
              "paddingRight": 10,
              "paddingTop": 10,
            },
            undefined,
          ]
        }
      >
        <View
          style={
            Array [
              Object {
                "flexBasis": 0,
                "flexGrow": 1,
                "flexShrink": 1,
              },
              undefined,
            ]
          }
        >
          <Text
            accessible={true}
            allowFontScaling={true}
            ellipsizeMode="tail"
            numberOfLines={2}
            style={
              Array [
                Object {
                  "color": "#030303",
                  "fontSize": 17,
                  "letterSpacing": -0.41,
                },
                undefined,
              ]
            }
          >
            Sechstes Gesetz zur Änderung des Bundeszentralregistergesetzes
          </Text>
          <Text
            accessible={true}
            allowFontScaling={true}
            ellipsizeMode="tail"
            numberOfLines={2}
            style={
              Array [
                Object {
                  "color": "#8f8e94",
                  "fontSize": 15,
                  "letterSpacing": -0.24,
                  "paddingTop": 5,
                },
                undefined,
              ]
            }
          >
            Ein subtitle der auch für die dummydaten noch angepasste werden sollte
          </Text>
        </View>
        <View
          style={
            Array [
              Object {
                "alignItems": "center",
                "justifyContent": "space-between",
                "width": 48,
              },
              undefined,
            ]
          }
        >
          <View
            style={
              Array [
                Object {
                  "alignItems": "center",
                  "width": 48,
                },
                undefined,
              ]
            }
          >
            <Text
              accessible={true}
              allowFontScaling={false}
              ellipsizeMode="tail"
              style={
                Array [
                  Object {
                    "color": "grey",
                    "fontSize": 12,
                  },
                  Array [
                    Object {
                      "fontSize": 45,
                      "marginBottom": -15,
                      "marginTop": -10,
                    },
                    undefined,
                  ],
                  Object {
                    "fontFamily": "Ionicons",
                    "fontStyle": "normal",
                    "fontWeight": "normal",
                  },
                ]
              }
            >
              
            </Text>
            <Text
              accessible={true}
              adjustsFontSizeToFit={true}
              allowFontScaling={true}
              ellipsizeMode="tail"
              style={
                Array [
                  Object {
                    "color": "#8f8e94",
                    "fontSize": 18,
                    "letterSpacing": -0.29,
                  },
                  undefined,
                ]
              }
            >
              6845
            </Text>
          </View>
          <Text
            accessible={true}
            allowFontScaling={true}
            ellipsizeMode="tail"
            style={
              Array [
                Object {
                  "color": "green",
                },
                undefined,
              ]
            }
          >
            3:13
          </Text>
        </View>
      </View>
    </View>
  </li>
  <li
    className="sc-bwzfXH uTxCW"
  >
    <View
      accessibilityComponentType={undefined}
      accessibilityLabel={undefined}
      accessibilityTraits={undefined}
      accessible={true}
      collapsable={undefined}
      hasTVPreferredFocus={undefined}
      hitSlop={undefined}
      isTVSelectable={true}
      nativeID={undefined}
      onLayout={undefined}
      onResponderGrant={[Function]}
      onResponderMove={[Function]}
      onResponderRelease={[Function]}
      onResponderTerminate={[Function]}
      onResponderTerminationRequest={[Function]}
      onStartShouldSetResponder={[Function]}
      style={
        Object {
          "opacity": 1,
        }
      }
      testID={undefined}
      tvParallaxProperties={undefined}
    >
      <View
        style={
          Array [
            Object {
              "borderBottomColor": "#c8c7cc",
              "borderBottomWidth": 1,
              "flexDirection": "row",
              "paddingBottom": 10,
              "paddingLeft": 27,
              "paddingRight": 10,
              "paddingTop": 10,
            },
            undefined,
          ]
        }
      >
        <View
          style={
            Array [
              Object {
                "flexBasis": 0,
                "flexGrow": 1,
                "flexShrink": 1,
              },
              undefined,
            ]
          }
        >
          <Text
            accessible={true}
            allowFontScaling={true}
            ellipsizeMode="tail"
            numberOfLines={2}
            style={
              Array [
                Object {
                  "color": "#030303",
                  "fontSize": 17,
                  "letterSpacing": -0.41,
                },
                undefined,
              ]
            }
          >
            Gesetz zur Umsetzung der Richtlinie 2012/17/EU in Bezug auf die Verknüpfung von Zentral-, Handels- und Gesellschaftsregistern in der Europäischen Union
          </Text>
          <Text
            accessible={true}
            allowFontScaling={true}
            ellipsizeMode="tail"
            numberOfLines={2}
            style={
              Array [
                Object {
                  "color": "#8f8e94",
                  "fontSize": 15,
                  "letterSpacing": -0.24,
                  "paddingTop": 5,
                },
                undefined,
              ]
            }
          >
            Ein subtitle der auch für die dummydaten noch angepasste werden sollte
          </Text>
        </View>
        <View
          style={
            Array [
              Object {
                "alignItems": "center",
                "justifyContent": "space-between",
                "width": 48,
              },
              undefined,
            ]
          }
        >
          <View
            style={
              Array [
                Object {
                  "alignItems": "center",
                  "width": 48,
                },
                undefined,
              ]
            }
          >
            <Text
              accessible={true}
              allowFontScaling={false}
              ellipsizeMode="tail"
              style={
                Array [
                  Object {
                    "color": "grey",
                    "fontSize": 12,
                  },
                  Array [
                    Object {
                      "fontSize": 45,
                      "marginBottom": -15,
                      "marginTop": -10,
                    },
                    undefined,
                  ],
                  Object {
                    "fontFamily": "Ionicons",
                    "fontStyle": "normal",
                    "fontWeight": "normal",
                  },
                ]
              }
            >
              
            </Text>
            <Text
              accessible={true}
              adjustsFontSizeToFit={true}
              allowFontScaling={true}
              ellipsizeMode="tail"
              style={
                Array [
                  Object {
                    "color": "#8f8e94",
                    "fontSize": 18,
                    "letterSpacing": -0.29,
                  },
                  undefined,
                ]
              }
            >
              9567
            </Text>
          </View>
          <Text
            accessible={true}
            allowFontScaling={true}
            ellipsizeMode="tail"
            style={
              Array [
                Object {
                  "color": "green",
                },
                undefined,
              ]
            }
          >
            3:13
          </Text>
        </View>
      </View>
    </View>
  </li>
  <li
    className="sc-bwzfXH uTxCW"
  >
    <View
      accessibilityComponentType={undefined}
      accessibilityLabel={undefined}
      accessibilityTraits={undefined}
      accessible={true}
      collapsable={undefined}
      hasTVPreferredFocus={undefined}
      hitSlop={undefined}
      isTVSelectable={true}
      nativeID={undefined}
      onLayout={undefined}
      onResponderGrant={[Function]}
      onResponderMove={[Function]}
      onResponderRelease={[Function]}
      onResponderTerminate={[Function]}
      onResponderTerminationRequest={[Function]}
      onStartShouldSetResponder={[Function]}
      style={
        Object {
          "opacity": 1,
        }
      }
      testID={undefined}
      tvParallaxProperties={undefined}
    >
      <View
        style={
          Array [
            Object {
              "borderBottomColor": "#c8c7cc",
              "borderBottomWidth": 1,
              "flexDirection": "row",
              "paddingBottom": 10,
              "paddingLeft": 27,
              "paddingRight": 10,
              "paddingTop": 10,
            },
            undefined,
          ]
        }
      >
        <View
          style={
            Array [
              Object {
                "flexBasis": 0,
                "flexGrow": 1,
                "flexShrink": 1,
              },
              undefined,
            ]
          }
        >
          <Text
            accessible={true}
            allowFontScaling={true}
            ellipsizeMode="tail"
            numberOfLines={2}
            style={
              Array [
                Object {
                  "color": "#030303",
                  "fontSize": 17,
                  "letterSpacing": -0.41,
                },
                undefined,
              ]
            }
          >
            Gesetz zur Verbesserung der Rechtsdurchsetzung in sozialen Netzwerken (Netzwerkdurchsetzungsgesetz – NetzDG)
          </Text>
          <Text
            accessible={true}
            allowFontScaling={true}
            ellipsizeMode="tail"
            numberOfLines={2}
            style={
              Array [
                Object {
                  "color": "#8f8e94",
                  "fontSize": 15,
                  "letterSpacing": -0.24,
                  "paddingTop": 5,
                },
                undefined,
              ]
            }
          >
            Ein subtitle der auch für die dummydaten noch angepasste werden sollte
          </Text>
        </View>
        <View
          style={
            Array [
              Object {
                "alignItems": "center",
                "justifyContent": "space-between",
                "width": 48,
              },
              undefined,
            ]
          }
        >
          <View
            style={
              Array [
                Object {
                  "alignItems": "center",
                  "width": 48,
                },
                undefined,
              ]
            }
          >
            <Text
              accessible={true}
              allowFontScaling={false}
              ellipsizeMode="tail"
              style={
                Array [
                  Object {
                    "color": "grey",
                    "fontSize": 12,
                  },
                  Array [
                    Object {
                      "fontSize": 45,
                      "marginBottom": -15,
                      "marginTop": -10,
                    },
                    undefined,
                  ],
                  Object {
                    "fontFamily": "Ionicons",
                    "fontStyle": "normal",
                    "fontWeight": "normal",
                  },
                ]
              }
            >
              
            </Text>
            <Text
              accessible={true}
              adjustsFontSizeToFit={true}
              allowFontScaling={true}
              ellipsizeMode="tail"
              style={
                Array [
                  Object {
                    "color": "#8f8e94",
                    "fontSize": 18,
                    "letterSpacing": -0.29,
                  },
                  undefined,
                ]
              }
            >
              4236
            </Text>
          </View>
          <Text
            accessible={true}
            allowFontScaling={true}
            ellipsizeMode="tail"
            style={
              Array [
                Object {
                  "color": "green",
                },
                undefined,
              ]
            }
          >
            3:13
          </Text>
        </View>
      </View>
    </View>
  </li>
  <li
    className="sc-bwzfXH uTxCW"
  >
    <View
      accessibilityComponentType={undefined}
      accessibilityLabel={undefined}
      accessibilityTraits={undefined}
      accessible={true}
      collapsable={undefined}
      hasTVPreferredFocus={undefined}
      hitSlop={undefined}
      isTVSelectable={true}
      nativeID={undefined}
      onLayout={undefined}
      onResponderGrant={[Function]}
      onResponderMove={[Function]}
      onResponderRelease={[Function]}
      onResponderTerminate={[Function]}
      onResponderTerminationRequest={[Function]}
      onStartShouldSetResponder={[Function]}
      style={
        Object {
          "opacity": 1,
        }
      }
      testID={undefined}
      tvParallaxProperties={undefined}
    >
      <View
        style={
          Array [
            Object {
              "borderBottomColor": "#c8c7cc",
              "borderBottomWidth": 1,
              "flexDirection": "row",
              "paddingBottom": 10,
              "paddingLeft": 27,
              "paddingRight": 10,
              "paddingTop": 10,
            },
            undefined,
          ]
        }
      >
        <View
          style={
            Array [
              Object {
                "flexBasis": 0,
                "flexGrow": 1,
                "flexShrink": 1,
              },
              undefined,
            ]
          }
        >
          <Text
            accessible={true}
            allowFontScaling={true}
            ellipsizeMode="tail"
            numberOfLines={2}
            style={
              Array [
                Object {
                  "color": "#030303",
                  "fontSize": 17,
                  "letterSpacing": -0.41,
                },
                undefined,
              ]
            }
          >
            Entwurf eines Gesetzes zur Durchführung der Verordnung (EU) Nr. 1215/2012 sowie zur Änderung sonstiger Vorschriften
          </Text>
          <Text
            accessible={true}
            allowFontScaling={true}
            ellipsizeMode="tail"
            numberOfLines={2}
            style={
              Array [
                Object {
                  "color": "#8f8e94",
                  "fontSize": 15,
                  "letterSpacing": -0.24,
                  "paddingTop": 5,
                },
                undefined,
              ]
            }
          >
            Ein subtitle der auch für die dummydaten noch angepasste werden sollte
          </Text>
        </View>
        <View
          style={
            Array [
              Object {
                "alignItems": "center",
                "justifyContent": "space-between",
                "width": 48,
              },
              undefined,
            ]
          }
        >
          <View
            style={
              Array [
                Object {
                  "alignItems": "center",
                  "width": 48,
                },
                undefined,
              ]
            }
          >
            <Text
              accessible={true}
              allowFontScaling={false}
              ellipsizeMode="tail"
              style={
                Array [
                  Object {
                    "color": "grey",
                    "fontSize": 12,
                  },
                  Array [
                    Object {
                      "fontSize": 45,
                      "marginBottom": -15,
                      "marginTop": -10,
                    },
                    undefined,
                  ],
                  Object {
                    "fontFamily": "Ionicons",
                    "fontStyle": "normal",
                    "fontWeight": "normal",
                  },
                ]
              }
            >
              
            </Text>
            <Text
              accessible={true}
              adjustsFontSizeToFit={true}
              allowFontScaling={true}
              ellipsizeMode="tail"
              style={
                Array [
                  Object {
                    "color": "#8f8e94",
                    "fontSize": 18,
                    "letterSpacing": -0.29,
                  },
                  undefined,
                ]
              }
            >
              3865
            </Text>
          </View>
          <Text
            accessible={true}
            allowFontScaling={true}
            ellipsizeMode="tail"
            style={
              Array [
                Object {
                  "color": "green",
                },
                undefined,
              ]
            }
          >
            3:13
          </Text>
        </View>
      </View>
    </View>
  </li>
  <li
    className="sc-bwzfXH uTxCW"
  >
    <View
      accessibilityComponentType={undefined}
      accessibilityLabel={undefined}
      accessibilityTraits={undefined}
      accessible={true}
      collapsable={undefined}
      hasTVPreferredFocus={undefined}
      hitSlop={undefined}
      isTVSelectable={true}
      nativeID={undefined}
      onLayout={undefined}
      onResponderGrant={[Function]}
      onResponderMove={[Function]}
      onResponderRelease={[Function]}
      onResponderTerminate={[Function]}
      onResponderTerminationRequest={[Function]}
      onStartShouldSetResponder={[Function]}
      style={
        Object {
          "opacity": 1,
        }
      }
      testID={undefined}
      tvParallaxProperties={undefined}
    >
      <View
        style={
          Array [
            Object {
              "borderBottomColor": "#c8c7cc",
              "borderBottomWidth": 1,
              "flexDirection": "row",
              "paddingBottom": 10,
              "paddingLeft": 27,
              "paddingRight": 10,
              "paddingTop": 10,
            },
            undefined,
          ]
        }
      >
        <View
          style={
            Array [
              Object {
                "flexBasis": 0,
                "flexGrow": 1,
                "flexShrink": 1,
              },
              undefined,
            ]
          }
        >
          <Text
            accessible={true}
            allowFontScaling={true}
            ellipsizeMode="tail"
            numberOfLines={2}
            style={
              Array [
                Object {
                  "color": "#030303",
                  "fontSize": 17,
                  "letterSpacing": -0.41,
                },
                undefined,
              ]
            }
          >
            Zweites Gesetz zur Stärkung der Verfahrensrechte von Beschuldigten im Strafverfahren und zur Änderung des Schöffenrechts
          </Text>
          <Text
            accessible={true}
            allowFontScaling={true}
            ellipsizeMode="tail"
            numberOfLines={2}
            style={
              Array [
                Object {
                  "color": "#8f8e94",
                  "fontSize": 15,
                  "letterSpacing": -0.24,
                  "paddingTop": 5,
                },
                undefined,
              ]
            }
          >
            Ein subtitle der auch für die dummydaten noch angepasste werden sollte
          </Text>
        </View>
        <View
          style={
            Array [
              Object {
                "alignItems": "center",
                "justifyContent": "space-between",
                "width": 48,
              },
              undefined,
            ]
          }
        >
          <View
            style={
              Array [
                Object {
                  "alignItems": "center",
                  "width": 48,
                },
                undefined,
              ]
            }
          >
            <Text
              accessible={true}
              allowFontScaling={false}
              ellipsizeMode="tail"
              style={
                Array [
                  Object {
                    "color": "grey",
                    "fontSize": 12,
                  },
                  Array [
                    Object {
                      "fontSize": 45,
                      "marginBottom": -15,
                      "marginTop": -10,
                    },
                    undefined,
                  ],
                  Object {
                    "fontFamily": "Ionicons",
                    "fontStyle": "normal",
                    "fontWeight": "normal",
                  },
                ]
              }
            >
              
            </Text>
            <Text
              accessible={true}
              adjustsFontSizeToFit={true}
              allowFontScaling={true}
              ellipsizeMode="tail"
              style={
                Array [
                  Object {
                    "color": "#8f8e94",
                    "fontSize": 18,
                    "letterSpacing": -0.29,
                  },
                  undefined,
                ]
              }
            >
              9674
            </Text>
          </View>
          <Text
            accessible={true}
            allowFontScaling={true}
            ellipsizeMode="tail"
            style={
              Array [
                Object {
                  "color": "green",
                },
                undefined,
              ]
            }
          >
            3:13
          </Text>
        </View>
      </View>
    </View>
  </li>
  <li
    className="sc-bwzfXH uTxCW"
  >
    <View
      accessibilityComponentType={undefined}
      accessibilityLabel={undefined}
      accessibilityTraits={undefined}
      accessible={true}
      collapsable={undefined}
      hasTVPreferredFocus={undefined}
      hitSlop={undefined}
      isTVSelectable={true}
      nativeID={undefined}
      onLayout={undefined}
      onResponderGrant={[Function]}
      onResponderMove={[Function]}
      onResponderRelease={[Function]}
      onResponderTerminate={[Function]}
      onResponderTerminationRequest={[Function]}
      onStartShouldSetResponder={[Function]}
      style={
        Object {
          "opacity": 1,
        }
      }
      testID={undefined}
      tvParallaxProperties={undefined}
    >
      <View
        style={
          Array [
            Object {
              "borderBottomColor": "#c8c7cc",
              "borderBottomWidth": 1,
              "flexDirection": "row",
              "paddingBottom": 10,
              "paddingLeft": 27,
              "paddingRight": 10,
              "paddingTop": 10,
            },
            undefined,
          ]
        }
      >
        <View
          style={
            Array [
              Object {
                "flexBasis": 0,
                "flexGrow": 1,
                "flexShrink": 1,
              },
              undefined,
            ]
          }
        >
          <Text
            accessible={true}
            allowFontScaling={true}
            ellipsizeMode="tail"
            numberOfLines={2}
            style={
              Array [
                Object {
                  "color": "#030303",
                  "fontSize": 17,
                  "letterSpacing": -0.41,
                },
                undefined,
              ]
            }
          >
            Gesetz zur Angleichung des Urheberrechts an die aktuellen Erfordernisse der Wissensgesellschaft (UrhWissG)
          </Text>
          <Text
            accessible={true}
            allowFontScaling={true}
            ellipsizeMode="tail"
            numberOfLines={2}
            style={
              Array [
                Object {
                  "color": "#8f8e94",
                  "fontSize": 15,
                  "letterSpacing": -0.24,
                  "paddingTop": 5,
                },
                undefined,
              ]
            }
          >
            Ein subtitle der auch für die dummydaten noch angepasste werden sollte
          </Text>
        </View>
        <View
          style={
            Array [
              Object {
                "alignItems": "center",
                "justifyContent": "space-between",
                "width": 48,
              },
              undefined,
            ]
          }
        >
          <View
            style={
              Array [
                Object {
                  "alignItems": "center",
                  "width": 48,
                },
                undefined,
              ]
            }
          >
            <Text
              accessible={true}
              allowFontScaling={false}
              ellipsizeMode="tail"
              style={
                Array [
                  Object {
                    "color": "grey",
                    "fontSize": 12,
                  },
                  Array [
                    Object {
                      "fontSize": 45,
                      "marginBottom": -15,
                      "marginTop": -10,
                    },
                    undefined,
                  ],
                  Object {
                    "fontFamily": "Ionicons",
                    "fontStyle": "normal",
                    "fontWeight": "normal",
                  },
                ]
              }
            >
              
            </Text>
            <Text
              accessible={true}
              adjustsFontSizeToFit={true}
              allowFontScaling={true}
              ellipsizeMode="tail"
              style={
                Array [
                  Object {
                    "color": "#8f8e94",
                    "fontSize": 18,
                    "letterSpacing": -0.29,
                  },
                  undefined,
                ]
              }
            >
              26
            </Text>
          </View>
          <Text
            accessible={true}
            allowFontScaling={true}
            ellipsizeMode="tail"
            style={
              Array [
                Object {
                  "color": "green",
                },
                undefined,
              ]
            }
          >
            3:13
          </Text>
        </View>
      </View>
    </View>
  </li>
  <li
    className="sc-bwzfXH uTxCW"
  >
    <View
      accessibilityComponentType={undefined}
      accessibilityLabel={undefined}
      accessibilityTraits={undefined}
      accessible={true}
      collapsable={undefined}
      hasTVPreferredFocus={undefined}
      hitSlop={undefined}
      isTVSelectable={true}
      nativeID={undefined}
      onLayout={undefined}
      onResponderGrant={[Function]}
      onResponderMove={[Function]}
      onResponderRelease={[Function]}
      onResponderTerminate={[Function]}
      onResponderTerminationRequest={[Function]}
      onStartShouldSetResponder={[Function]}
      style={
        Object {
          "opacity": 1,
        }
      }
      testID={undefined}
      tvParallaxProperties={undefined}
    >
      <View
        style={
          Array [
            Object {
              "borderBottomColor": "#c8c7cc",
              "borderBottomWidth": 1,
              "flexDirection": "row",
              "paddingBottom": 10,
              "paddingLeft": 27,
              "paddingRight": 10,
              "paddingTop": 10,
            },
            undefined,
          ]
        }
      >
        <View
          style={
            Array [
              Object {
                "flexBasis": 0,
                "flexGrow": 1,
                "flexShrink": 1,
              },
              undefined,
            ]
          }
        >
          <Text
            accessible={true}
            allowFontScaling={true}
            ellipsizeMode="tail"
            numberOfLines={2}
            style={
              Array [
                Object {
                  "color": "#030303",
                  "fontSize": 17,
                  "letterSpacing": -0.41,
                },
                undefined,
              ]
            }
          >
            Gesetz zur effektiveren und praxistauglicheren Ausgestaltung des Strafverfahrens
          </Text>
          <Text
            accessible={true}
            allowFontScaling={true}
            ellipsizeMode="tail"
            numberOfLines={2}
            style={
              Array [
                Object {
                  "color": "#8f8e94",
                  "fontSize": 15,
                  "letterSpacing": -0.24,
                  "paddingTop": 5,
                },
                undefined,
              ]
            }
          >
            Ein subtitle der auch für die dummydaten noch angepasste werden sollte
          </Text>
        </View>
        <View
          style={
            Array [
              Object {
                "alignItems": "center",
                "justifyContent": "space-between",
                "width": 48,
              },
              undefined,
            ]
          }
        >
          <View
            style={
              Array [
                Object {
                  "alignItems": "center",
                  "width": 48,
                },
                undefined,
              ]
            }
          >
            <Text
              accessible={true}
              allowFontScaling={false}
              ellipsizeMode="tail"
              style={
                Array [
                  Object {
                    "color": "grey",
                    "fontSize": 12,
                  },
                  Array [
                    Object {
                      "fontSize": 45,
                      "marginBottom": -15,
                      "marginTop": -10,
                    },
                    undefined,
                  ],
                  Object {
                    "fontFamily": "Ionicons",
                    "fontStyle": "normal",
                    "fontWeight": "normal",
                  },
                ]
              }
            >
              
            </Text>
            <Text
              accessible={true}
              adjustsFontSizeToFit={true}
              allowFontScaling={true}
              ellipsizeMode="tail"
              style={
                Array [
                  Object {
                    "color": "#8f8e94",
                    "fontSize": 18,
                    "letterSpacing": -0.29,
                  },
                  undefined,
                ]
              }
            >
              4685
            </Text>
          </View>
          <Text
            accessible={true}
            allowFontScaling={true}
            ellipsizeMode="tail"
            style={
              Array [
                Object {
                  "color": "green",
                },
                undefined,
              ]
            }
          >
            3:13
          </Text>
        </View>
      </View>
    </View>
  </li>
  <li
    className="sc-bwzfXH uTxCW"
  >
    <View
      accessibilityComponentType={undefined}
      accessibilityLabel={undefined}
      accessibilityTraits={undefined}
      accessible={true}
      collapsable={undefined}
      hasTVPreferredFocus={undefined}
      hitSlop={undefined}
      isTVSelectable={true}
      nativeID={undefined}
      onLayout={undefined}
      onResponderGrant={[Function]}
      onResponderMove={[Function]}
      onResponderRelease={[Function]}
      onResponderTerminate={[Function]}
      onResponderTerminationRequest={[Function]}
      onStartShouldSetResponder={[Function]}
      style={
        Object {
          "opacity": 1,
        }
      }
      testID={undefined}
      tvParallaxProperties={undefined}
    >
      <View
        style={
          Array [
            Object {
              "borderBottomColor": "#c8c7cc",
              "borderBottomWidth": 1,
              "flexDirection": "row",
              "paddingBottom": 10,
              "paddingLeft": 27,
              "paddingRight": 10,
              "paddingTop": 10,
            },
            undefined,
          ]
        }
      >
        <View
          style={
            Array [
              Object {
                "flexBasis": 0,
                "flexGrow": 1,
                "flexShrink": 1,
              },
              undefined,
            ]
          }
        >
          <Text
            accessible={true}
            allowFontScaling={true}
            ellipsizeMode="tail"
            numberOfLines={2}
            style={
              Array [
                Object {
                  "color": "#030303",
                  "fontSize": 17,
                  "letterSpacing": -0.41,
                },
                undefined,
              ]
            }
          >
            Diskussionsentwurf zur Musterfeststellungsklage
          </Text>
          <Text
            accessible={true}
            allowFontScaling={true}
            ellipsizeMode="tail"
            numberOfLines={2}
            style={
              Array [
                Object {
                  "color": "#8f8e94",
                  "fontSize": 15,
                  "letterSpacing": -0.24,
                  "paddingTop": 5,
                },
                undefined,
              ]
            }
          >
            Ein subtitle der auch für die dummydaten noch angepasste werden sollte
          </Text>
        </View>
        <View
          style={
            Array [
              Object {
                "alignItems": "center",
                "justifyContent": "space-between",
                "width": 48,
              },
              undefined,
            ]
          }
        >
          <View
            style={
              Array [
                Object {
                  "alignItems": "center",
                  "width": 48,
                },
                undefined,
              ]
            }
          >
            <Text
              accessible={true}
              allowFontScaling={false}
              ellipsizeMode="tail"
              style={
                Array [
                  Object {
                    "color": "grey",
                    "fontSize": 12,
                  },
                  Array [
                    Object {
                      "fontSize": 45,
                      "marginBottom": -15,
                      "marginTop": -10,
                    },
                    undefined,
                  ],
                  Object {
                    "fontFamily": "Ionicons",
                    "fontStyle": "normal",
                    "fontWeight": "normal",
                  },
                ]
              }
            >
              
            </Text>
            <Text
              accessible={true}
              adjustsFontSizeToFit={true}
              allowFontScaling={true}
              ellipsizeMode="tail"
              style={
                Array [
                  Object {
                    "color": "#8f8e94",
                    "fontSize": 18,
                    "letterSpacing": -0.29,
                  },
                  undefined,
                ]
              }
            >
              65738
            </Text>
          </View>
          <Text
            accessible={true}
            allowFontScaling={true}
            ellipsizeMode="tail"
            style={
              Array [
                Object {
                  "color": "green",
                },
                undefined,
              ]
            }
          >
            3:13
          </Text>
        </View>
      </View>
    </View>
  </li>
  <li
    className="sc-bwzfXH uTxCW"
  >
    <View
      accessibilityComponentType={undefined}
      accessibilityLabel={undefined}
      accessibilityTraits={undefined}
      accessible={true}
      collapsable={undefined}
      hasTVPreferredFocus={undefined}
      hitSlop={undefined}
      isTVSelectable={true}
      nativeID={undefined}
      onLayout={undefined}
      onResponderGrant={[Function]}
      onResponderMove={[Function]}
      onResponderRelease={[Function]}
      onResponderTerminate={[Function]}
      onResponderTerminationRequest={[Function]}
      onStartShouldSetResponder={[Function]}
      style={
        Object {
          "opacity": 1,
        }
      }
      testID={undefined}
      tvParallaxProperties={undefined}
    >
      <View
        style={
          Array [
            Object {
              "borderBottomColor": "#c8c7cc",
              "borderBottomWidth": 1,
              "flexDirection": "row",
              "paddingBottom": 10,
              "paddingLeft": 27,
              "paddingRight": 10,
              "paddingTop": 10,
            },
            undefined,
          ]
        }
      >
        <View
          style={
            Array [
              Object {
                "flexBasis": 0,
                "flexGrow": 1,
                "flexShrink": 1,
              },
              undefined,
            ]
          }
        >
          <Text
            accessible={true}
            allowFontScaling={true}
            ellipsizeMode="tail"
            numberOfLines={2}
            style={
              Array [
                Object {
                  "color": "#030303",
                  "fontSize": 17,
                  "letterSpacing": -0.41,
                },
                undefined,
              ]
            }
          >
            Gesetz zur Einführung des Rechts auf Eheschließung für Personen gleichen Geschlechts
          </Text>
          <Text
            accessible={true}
            allowFontScaling={true}
            ellipsizeMode="tail"
            numberOfLines={2}
            style={
              Array [
                Object {
                  "color": "#8f8e94",
                  "fontSize": 15,
                  "letterSpacing": -0.24,
                  "paddingTop": 5,
                },
                undefined,
              ]
            }
          >
            Ein subtitle der auch für die dummydaten noch angepasste werden sollte
          </Text>
        </View>
        <View
          style={
            Array [
              Object {
                "alignItems": "center",
                "justifyContent": "space-between",
                "width": 48,
              },
              undefined,
            ]
          }
        >
          <View
            style={
              Array [
                Object {
                  "alignItems": "center",
                  "width": 48,
                },
                undefined,
              ]
            }
          >
            <Text
              accessible={true}
              allowFontScaling={false}
              ellipsizeMode="tail"
              style={
                Array [
                  Object {
                    "color": "grey",
                    "fontSize": 12,
                  },
                  Array [
                    Object {
                      "fontSize": 45,
                      "marginBottom": -15,
                      "marginTop": -10,
                    },
                    undefined,
                  ],
                  Object {
                    "fontFamily": "Ionicons",
                    "fontStyle": "normal",
                    "fontWeight": "normal",
                  },
                ]
              }
            >
              
            </Text>
            <Text
              accessible={true}
              adjustsFontSizeToFit={true}
              allowFontScaling={true}
              ellipsizeMode="tail"
              style={
                Array [
                  Object {
                    "color": "#8f8e94",
                    "fontSize": 18,
                    "letterSpacing": -0.29,
                  },
                  undefined,
                ]
              }
            >
              5687354
            </Text>
          </View>
          <Text
            accessible={true}
            allowFontScaling={true}
            ellipsizeMode="tail"
            style={
              Array [
                Object {
                  "color": "green",
                },
                undefined,
              ]
            }
          >
            3:13
          </Text>
        </View>
      </View>
    </View>
  </li>
</ul>
`;
