// Jest Snapshot v1, https://goo.gl/fbAQLP

exports[`test components/List/Row render row 1`] = `
<RCTScrollView
  style={
    Array [
      Object {
        "flexBasis": 0,
        "flexGrow": 1,
        "flexShrink": 1,
      },
      undefined,
    ]
  }
>
  <View>
    <Text
      accessible={true}
      allowFontScaling={true}
      ellipsizeMode="tail"
      style={
        Array [
          Object {},
          undefined,
        ]
      }
    >
      Test description
    </Text>
  </View>
</RCTScrollView>
`;
