// Jest Snapshot v1, https://goo.gl/fbAQLP

exports[`test components/List/Row render row 1`] = `
<View
  style={
    Array [
      Object {
        "borderBottomColor": "#c8c7cc",
        "borderBottomWidth": 1,
        "paddingBottom": 5,
        "paddingLeft": 27,
        "paddingTop": 27,
      },
      undefined,
    ]
  }
>
  <View
    style={
      Array [
        Object {
          "flexDirection": "row",
          "justifyContent": "space-between",
          "paddingBottom": 5,
        },
        undefined,
      ]
    }
  >
    <Text
      accessible={true}
      allowFontScaling={true}
      ellipsizeMode="tail"
      numberOfLines={2}
      style={
        Array [
          Object {
            "color": "#030303",
            "flexBasis": 0,
            "flexGrow": 1,
            "flexShrink": 1,
            "fontSize": 17,
            "letterSpacing": -0.41,
          },
          undefined,
        ]
      }
    >
      the title
    </Text>
    <View
      style={
        Array [
          Object {
            "alignItems": "center",
            "width": 48,
          },
          undefined,
        ]
      }
    >
      <Text
        accessible={true}
        allowFontScaling={false}
        ellipsizeMode="tail"
        style={
          Array [
            Object {
              "color": "grey",
              "fontSize": 12,
            },
            Array [
              Object {
                "fontSize": 45,
                "marginBottom": -15,
                "marginTop": -10,
              },
              undefined,
            ],
            Object {
              "fontFamily": "Ionicons",
              "fontStyle": "normal",
              "fontWeight": "normal",
            },
          ]
        }
      >
        
      </Text>
      <Text
        accessible={true}
        adjustsFontSizeToFit={true}
        allowFontScaling={true}
        ellipsizeMode="tail"
        style={
          Array [
            Object {
              "color": "#8f8e94",
              "fontSize": 18,
              "letterSpacing": -0.29,
            },
            undefined,
          ]
        }
      >
        31523
      </Text>
    </View>
  </View>
  <View
    style={
      Array [
        Object {
          "alignItems": "center",
          "flexDirection": "row",
          "justifyContent": "space-between",
        },
        undefined,
      ]
    }
  >
    <View
      style={
        Array [
          Object {
            "alignItems": "center",
            "flexDirection": "row",
            "justifyContent": "space-between",
            "width": 50,
          },
          undefined,
        ]
      }
    >
      <Text
        accessible={true}
        allowFontScaling={false}
        ellipsizeMode="tail"
        style={
          Array [
            Object {
              "color": "#4a4a4a",
              "fontSize": 24,
            },
            Array [
              Object {},
              undefined,
            ],
            Object {
              "fontFamily": "Material Icons",
              "fontStyle": "normal",
              "fontWeight": "normal",
            },
          ]
        }
      >
        
      </Text>
      <Text
        accessible={true}
        allowFontScaling={true}
        ellipsizeMode="tail"
        style={
          Array [
            Object {
              "color": "#4a4a4a",
              "fontSize": 12,
              "letterSpacing": -0.26,
            },
            undefined,
          ]
        }
      >
        3
      </Text>
    </View>
    <View
      style={
        Array [
          Object {
            "alignItems": "center",
            "flexDirection": "row",
            "justifyContent": "space-between",
            "width": 50,
          },
          undefined,
        ]
      }
    >
      <Text
        accessible={true}
        allowFontScaling={false}
        ellipsizeMode="tail"
        style={
          Array [
            Object {
              "color": "#4a4a4a",
              "fontSize": 24,
            },
            Array [
              Object {},
              undefined,
            ],
            Object {
              "fontFamily": "Material Icons",
              "fontStyle": "normal",
              "fontWeight": "normal",
            },
          ]
        }
      >
        
      </Text>
      <Text
        accessible={true}
        allowFontScaling={true}
        ellipsizeMode="tail"
        style={
          Array [
            Object {
              "color": "#4a4a4a",
              "fontSize": 12,
              "letterSpacing": -0.26,
            },
            undefined,
          ]
        }
      >
        84
      </Text>
    </View>
    <View
      style={
        Array [
          Object {
            "alignItems": "center",
            "flexDirection": "row",
            "justifyContent": "space-between",
            "width": 50,
          },
          undefined,
        ]
      }
    >
      <Text
        accessible={true}
        allowFontScaling={true}
        ellipsizeMode="tail"
        style={
          Array [
            Object {
              "color": "#44db5e",
              "fontSize": 12,
              "letterSpacing": -0.26,
            },
            undefined,
          ]
        }
      >
        3:21
      </Text>
    </View>
  </View>
</View>
`;
